[limpidwallet.com/index.html]
[backblue.gif]
[fade.gif]
[index.html]
[limpidwallet.com/faviconf27df27d.ico]
[limpidwallet.com/assets/themes/escrow/css/bootstrap.css]
[limpidwallet.com/assets/themes/escrow/css/escrow.css]
[limpidwallet.com/assets/themes/account/img/main-logo.png]
[limpidwallet.com/index-2.html]
[limpidwallet.com/how-it-works.html]
[limpidwallet.com/developers.html]
[limpidwallet.com/contact.html]
[limpidwallet.com/login.html]
[limpidwallet.com/user/register.html]
[code.jquery.com/jquery-3.2.1.slim.min.js]
[cdnjs.cloudflare.com/ajax/libs/popper.js/1.12.9/umd/popper.min.js]
[maxcdn.bootstrapcdn.com/bootstrap/4.0.0-beta.3/js/bootstrap.min.js]
[ajax.googleapis.com/ajax/libs/jquery/3.2.1/jquery.minf27d.js]
[maxcdn.bootstrapcdn.com/bootstrap/3.3.7/js/bootstrap.minf27d.js]
[limpidwallet.com/index.html]
[limpidwallet.com/assets/themes/escrow/css/bootstrap.css]
[limpidwallet.com/assets/themes/escrow/img/just3-bg.png]
[limpidwallet.com/assets/themes/escrow/img/main7.jpg]
[limpidwallet.com/assets/themes/escrow/img/shop.jpg]
[limpidwallet.com/assets/themes/escrow/img/shop2.jpg]
[limpidwallet.com/assets/themes/escrow/css/escrow.css]
[limpidwallet.com/cdnjs.cloudflare.com/ajax/libs/simple-line-icons/2.4.1/css/simple-line-icons.html]
[limpidwallet.com/www.google.com/recaptcha/api.html]
[limpidwallet.com/index-2.html]
[limpidwallet.com/how-it-works.html]
[limpidwallet.com/developers.html]
[limpidwallet.com/cdn-cgi/scripts/5c5dd728/cloudflare-static/email-decode.min.js]
[limpidwallet.com/contact.html]
[limpidwallet.com/login.html]
[limpidwallet.com/user/register.html]
[limpidwallet.com/code.jquery.com/jquery-3.2.1.slim.min.html]
[limpidwallet.com/cdnjs.cloudflare.com/ajax/libs/popper.js/1.12.3/umd/popper.min.html]
[limpidwallet.com/maxcdn.bootstrapcdn.com/bootstrap/4.0.0-beta.2/js/bootstrap.min.html]
[limpidwallet.com/ajax.googleapis.com/ajax/libs/jquery/3.2.1/jquery.minf27df27d.html]
[limpidwallet.com/maxcdn.bootstrapcdn.com/bootstrap/3.3.7/js/bootstrap.minf27df27d.html]
[limpidwallet.com/justbtc.ideah.ru/assets/themes/escrow/img/icon/ok.html]
[limpidwallet.com/justbtc.ideah.ru/assets/themes/escrow/img/dispute2.html]
[limpidwallet.com/justbtc.ideah.ru/assets/themes/escrow/img/icon/space.html]
[limpidwallet.com/justbtc.ideah.ru/assets/themes/escrow/img/icon/ipn.html]
[limpidwallet.com/justbtc.ideah.ru/assets/themes/escrow/img/icon/tool.html]
[limpidwallet.com/justbtc.ideah.ru/assets/themes/escrow/img/icon/mac-merchant.html]
[limpidwallet.com/justbtc.ideah.ru/assets/themes/account/img/pay-icon/paypal.html]
[limpidwallet.com/justbtc.ideah.ru/assets/themes/account/img/pay-icon/visa.html]
[limpidwallet.com/justbtc.ideah.ru/assets/themes/account/img/pay-icon/btc.html]
[limpidwallet.com/justbtc.ideah.ru/assets/themes/account/img/pay-icon/pm.html]
[limpidwallet.com/justbtc.ideah.ru/assets/themes/account/img/pay-icon/advcash.html]
[limpidwallet.com/justbtc.ideah.ru/assets/themes/account/img/pay-icon/swift.html]
[limpidwallet.com/register.html]
[limpidwallet.com/user/forgot.html]
[limpidwallet.com/user/forgot.html]
